[html.miraclestudio.design/majesty/index02.html]
[backblue.gif]
[fade.gif]
[index.html]
[html.miraclestudio.design/majesty/img/favicon/favicon.ico]
[html.miraclestudio.design/majesty/img/favicon/apple-touch-icon-57x57.png]
[html.miraclestudio.design/majesty/img/favicon/apple-touch-icon-114x114.png]
[html.miraclestudio.design/majesty/img/favicon/apple-touch-icon-72x72.png]
[html.miraclestudio.design/majesty/img/favicon/apple-touch-icon-144x144.png]
[html.miraclestudio.design/majesty/img/logo_intro_dark.png]
[html.miraclestudio.design/majesty/img/logo.png]
[html.miraclestudio.design/majesty/img/logo_dark.png]
[html.miraclestudio.design/majesty/index01.html]
[html.miraclestudio.design/majesty/index03.html]
[html.miraclestudio.design/majesty/boxed/index01.html]
[html.miraclestudio.design/majesty/boxed/index_bg_img.html]
[html.miraclestudio.design/majesty/boxed/index_bg_color.html]
[html.miraclestudio.design/majesty/index_onepage_horizental.html]
[html.miraclestudio.design/majesty/index_onepage_vertical.html]
[html.miraclestudio.design/majesty/index_onepage_zooming.html]
[html.miraclestudio.design/majesty/index_onepage_fade.html]
[html.miraclestudio.design/majesty/index_onepage_slider.html]
[html.miraclestudio.design/majesty/index_onepage_slide_top.html]
[html.miraclestudio.design/majesty/index_onepage_fullscreen.html]
[html.miraclestudio.design/majesty/index_onepage_parallax.html]
[html.miraclestudio.design/majesty/index_onepage_animation_bg.html]
[html.miraclestudio.design/majesty/index_onepage_interactive.html]
[html.miraclestudio.design/majesty/index_onepage_video.html]
[html.miraclestudio.design/majesty/index_onepage_youtube.html]
[html.miraclestudio.design/majesty/index_onepage_viemo.html]
[html.miraclestudio.design/majesty/index_onepage_fullwidth.html]
[html.miraclestudio.design/majesty/index_onepage_animation.html]
[html.miraclestudio.design/majesty/index_amrican.html]
[html.miraclestudio.design/majesty/index_asian.html]
[html.miraclestudio.design/majesty/index_pizza.html]
[html.miraclestudio.design/majesty/index_burger.html]
[html.miraclestudio.design/majesty/index_bakery.html]
[html.miraclestudio.design/majesty/index_cafe.html]
[html.miraclestudio.design/majesty/index_animate.html]
[html.miraclestudio.design/majesty/menu_gird.html]
[html.miraclestudio.design/majesty/img/drop_menu/starter.jpg]
[html.miraclestudio.design/majesty/img/drop_menu/dishes.jpg]
[html.miraclestudio.design/majesty/img/drop_menu/fishes.jpg]
[html.miraclestudio.design/majesty/img/drop_menu/salads.jpg]
[html.miraclestudio.design/majesty/img/drop_menu/deserts.jpg]
[html.miraclestudio.design/majesty/img/drop_menu/drinks.jpg]
[html.miraclestudio.design/majesty/img/drop_menu/soup.jpg]
[html.miraclestudio.design/majesty/img/drop_menu/combo.jpg]
[html.miraclestudio.design/majesty/reservation.html]
[html.miraclestudio.design/majesty/blog_gird_two_cloumn.html]
[html.miraclestudio.design/majesty/blog_gird_three_cloumn.html]
[html.miraclestudio.design/majesty/blog_gird_full_width_cloumn.html]
[html.miraclestudio.design/majesty/blog_list_style_1.html]
[html.miraclestudio.design/majesty/blog_list_style_2.html]
[html.miraclestudio.design/majesty/blog_masonry_two_cloumn.html]
[html.miraclestudio.design/majesty/blog_masonry_three_cloumn.html]
[html.miraclestudio.design/majesty/blog_masonry_fullwidth.html]
[html.miraclestudio.design/majesty/blog_single_image.html]
[html.miraclestudio.design/majesty/blog_single_slider.html]
[html.miraclestudio.design/majesty/blog_single_gallery.html]
[html.miraclestudio.design/majesty/blog_single_lightbox.html]
[html.miraclestudio.design/majesty/blog_single_video.html]
[html.miraclestudio.design/majesty/blog_single_soundclouds.html]
[html.miraclestudio.design/majesty/blog_single_youtube.html]
[html.miraclestudio.design/majesty/blog_single_viemo.html]
[html.miraclestudio.design/majesty/blog_single_blockquote.html]
[html.miraclestudio.design/majesty/blog_single_rightsidebar.html]
[html.miraclestudio.design/majesty/blog_single_leftsidebar.html]
[html.miraclestudio.design/majesty/events.html]
[html.miraclestudio.design/majesty/contact.html]
[html.miraclestudio.design/majesty/about.html]
[html.miraclestudio.design/majesty/services.html]
[html.miraclestudio.design/majesty/team.html]
[html.miraclestudio.design/majesty/team_single.html]
[html.miraclestudio.design/majesty/testimonials.html]
[html.miraclestudio.design/majesty/clients.html]
[html.miraclestudio.design/majesty/privacy.html]
[html.miraclestudio.design/majesty/sitemap.html]
[html.miraclestudio.design/majesty/menu_gird_fullwidth.html]
[html.miraclestudio.design/majesty/menu_masonry.html]
[html.miraclestudio.design/majesty/menu_masonry_fullwidth.html]
[html.miraclestudio.design/majesty/menu_list.html]
[html.miraclestudio.design/majesty/menu_tabs.html]
[html.miraclestudio.design/majesty/menu_scroll.html]
[html.miraclestudio.design/majesty/menu_shown_all.html]
[html.miraclestudio.design/majesty/menu_single.html]
[html.miraclestudio.design/majesty/menu_single_rightsidebar.html]
[html.miraclestudio.design/majesty/menu_single_leftsidebar.html]
[html.miraclestudio.design/majesty/login_default.html]
[html.miraclestudio.design/majesty/login_fullscreen.html]
[html.miraclestudio.design/majesty/login_video.html]
[html.miraclestudio.design/majesty/login_slider.html]
[html.miraclestudio.design/majesty/404_default.html]
[html.miraclestudio.design/majesty/404_video.html]
[html.miraclestudio.design/majesty/404_animate_bg.html]
[html.miraclestudio.design/majesty/coming_soon_default.html]
[html.miraclestudio.design/majesty/coming_soon_video.html]
[html.miraclestudio.design/majesty/coming_soon_slider.html]
[html.miraclestudio.design/majesty/register.html]
[html.miraclestudio.design/majesty/blank_page.html]
[html.miraclestudio.design/majesty/shortcodes_accordion.html]
[html.miraclestudio.design/majesty/shortcodes_alert_message.html]
[html.miraclestudio.design/majesty/shortcodes_animation.html]
[html.miraclestudio.design/majesty/shortcodes_blockquote.html]
[html.miraclestudio.design/majesty/shortcodes_button.html]
[html.miraclestudio.design/majesty/shortcodes_carousal.html]
[html.miraclestudio.design/majesty/shortcodes_columns.html]
[html.miraclestudio.design/majesty/shortcodes_divider.html]
[html.miraclestudio.design/majesty/shortcodes_maps.html]
[html.miraclestudio.design/majesty/shortcodes_light_box.html]
[html.miraclestudio.design/majesty/shortcodes_list.html]
[html.miraclestudio.design/majesty/shortcodes_media.html]
[html.miraclestudio.design/majesty/shortcodes_modal_box.html]
[html.miraclestudio.design/majesty/shortcodes_icons.html]
[html.miraclestudio.design/majesty/shortcodes_pagination.html]
[html.miraclestudio.design/majesty/shortcodes_panels.html]
[html.miraclestudio.design/majesty/shortcodes_popovers.html]
[html.miraclestudio.design/majesty/shortcodes_progress_bar.html]
[html.miraclestudio.design/majesty/shortcodes_pricing.html]
[html.miraclestudio.design/majesty/shortcodes_social.html]
[html.miraclestudio.design/majesty/shortcodes_sections.html]
[html.miraclestudio.design/majesty/shortcodes_tabs.html]
[html.miraclestudio.design/majesty/shortcodes_tables.html]
[html.miraclestudio.design/majesty/shortcodes_typography.html]
[html.miraclestudio.design/majesty/shop_carts.html]
[html.miraclestudio.design/majesty/shop_wishlist.html]
[html.miraclestudio.design/majesty/shop_checkout.html]
[html.miraclestudio.design/majesty/shop_myaccount.html]
[html.miraclestudio.design/majesty/img/post_thumb.jpg]
[html.miraclestudio.design/majesty/img/post_thumb2.jpg]
[html.miraclestudio.design/majesty/img/post_thumb3.jpg]
[html.miraclestudio.design/majesty/img/home2/art.jpg]
[html.miraclestudio.design/majesty/img/home2/chef.png]
[html.miraclestudio.design/majesty/img/team/1.jpg]
[html.miraclestudio.design/majesty/img/team/2.jpg]
[html.miraclestudio.design/majesty/img/team/3.jpg]
[html.miraclestudio.design/majesty/img/team/4.jpg]
[html.miraclestudio.design/majesty/img/team/5.jpg]
[html.miraclestudio.design/majesty/img/team/6.jpg]
[html.miraclestudio.design/majesty/img/breakfast.png]
[html.miraclestudio.design/majesty/img/lunch.png]
[html.miraclestudio.design/majesty/img/dinner.png]
[html.miraclestudio.design/majesty/img/dessert.png]
[html.miraclestudio.design/majesty/img/masonry/1.jpg]
[html.miraclestudio.design/majesty/img/masonry/2.jpg]
[html.miraclestudio.design/majesty/img/masonry/3.jpg]
[html.miraclestudio.design/majesty/img/masonry/4.jpg]
[html.miraclestudio.design/majesty/img/masonry/5.jpg]
[html.miraclestudio.design/majesty/img/masonry/6.jpg]
[html.miraclestudio.design/majesty/img/masonry/7.jpg]
[html.miraclestudio.design/majesty/img/masonry/8.jpg]
[html.miraclestudio.design/majesty/img/masonry/9.jpg]
[html.miraclestudio.design/majesty/img/masonry/10.jpg]
[html.miraclestudio.design/majesty/img/blog/block4.jpg]
[html.miraclestudio.design/majesty/img/blog/block5.jpg]
[html.miraclestudio.design/majesty/img/blog/block6.jpg]
[html.miraclestudio.design/majesty/img/background/bg_11.jpg]
[html.miraclestudio.design/majesty/img/app.png]
[html.miraclestudio.design/majesty/img/footer_logo.png]
[html.miraclestudio.design/majesty/javascripts/libs/jquery.min.js]
[html.miraclestudio.design/majesty/javascripts/libs/plugins.js]
[html.miraclestudio.design/majesty/javascripts/libs/modernizr.js]
[html.miraclestudio.design/majesty/javascripts/custom/main.js]
[html.miraclestudio.design/majesty/index02.html]
[html.miraclestudio.design/majesty/bootstrap/fonts/glyphicons-halflings-regular.eot]
[html.miraclestudio.design/majesty/bootstrap/fonts/glyphicons-halflings-regulard41d.eot]
[html.miraclestudio.design/majesty/bootstrap/fonts/glyphicons-halflings-regular.woff2]
[html.miraclestudio.design/majesty/bootstrap/fonts/glyphicons-halflings-regular.woff]
[html.miraclestudio.design/majesty/bootstrap/fonts/glyphicons-halflings-regular.ttf]
[html.miraclestudio.design/majesty/bootstrap/css/bootstrap.min.css]
[html.miraclestudio.design/majesty/img/grabbing.png]
[html.miraclestudio.design/majesty/stylesheets/owl.carousel.css]
[html.miraclestudio.design/majesty/stylesheets/AjaxLoader.gif]
[html.miraclestudio.design/majesty/stylesheets/owl.theme.css]
[html.miraclestudio.design/majesty/stylesheets/animate.css]
[html.miraclestudio.design/majesty/stylesheets/jquery.datetimepicker.css]
[html.miraclestudio.design/majesty/img/ajax-loader.gif]
[html.miraclestudio.design/majesty/stylesheets/prettyPhoto.css]
[html.miraclestudio.design/majesty/fonts/font_icons/fontawesome-webfonte0a5.eot]
[html.miraclestudio.design/majesty/fonts/font_icons/fontawesome-webfontd41d.eot]
[html.miraclestudio.design/majesty/fonts/font_icons/fontawesome-webfonte0a5.woff2]
[html.miraclestudio.design/majesty/fonts/font_icons/fontawesome-webfonte0a5.woff]
[html.miraclestudio.design/majesty/fonts/font_icons/fontawesome-webfonte0a5.ttf]
[html.miraclestudio.design/majesty/stylesheets/font-awesome.min.css]
[html.miraclestudio.design/majesty/fonts/fonts.css]
[html.miraclestudio.design/majesty/fonts/font_icons/icomoon3627.eot]
[html.miraclestudio.design/majesty/fonts/font_icons/icomoond41d.eot]
[html.miraclestudio.design/majesty/fonts/font_icons/icomoon3627.woff]
[html.miraclestudio.design/majesty/fonts/font_icons/icomoon3627.ttf]
[html.miraclestudio.design/majesty/img/progress.gif]
[html.miraclestudio.design/majesty/img/iconCaution.png]
[html.miraclestudio.design/majesty/img/pattern.png]
[html.miraclestudio.design/majesty/img/background/404.jpg]
[html.miraclestudio.design/majesty/img/banner/about.jpg]
[html.miraclestudio.design/majesty/img/banner/blog.jpg]
[html.miraclestudio.design/majesty/img/banner/blog2.jpg]
[html.miraclestudio.design/majesty/img/banner/blog3.jpg]
[html.miraclestudio.design/majesty/img/banner/certification.jpg]
[html.miraclestudio.design/majesty/img/banner/shortcodes.jpg]
[html.miraclestudio.design/majesty/img/background/coming.jpg]
[html.miraclestudio.design/majesty/img/banner/contact.jpg]
[html.miraclestudio.design/majesty/img/banner/services.jpg]
[html.miraclestudio.design/majesty/img/background/bg_6.jpg]
[html.miraclestudio.design/majesty/img/banner/launch_banner.jpg]
[html.miraclestudio.design/majesty/img/banner/dinner_banner.jpg]
[html.miraclestudio.design/majesty/img/banner/desert_banner.jpg]
[html.miraclestudio.design/majesty/img/background/bg_1.jpg]
[html.miraclestudio.design/majesty/img/background/bg_2.jpg]
[html.miraclestudio.design/majesty/img/background/bg_3.jpg]
[html.miraclestudio.design/majesty/img/background/styles/bg_21.jpg]
[html.miraclestudio.design/majesty/img/background/styles/bg_22.jpg]
[html.miraclestudio.design/majesty/img/background/styles/bg_23.jpg]
[html.miraclestudio.design/majesty/img/background/styles/bg_10.jpg]
[html.miraclestudio.design/majesty/img/background/styles/bg_12.jpg]
[html.miraclestudio.design/majesty/img/background/styles/bg_11.jpg]
[html.miraclestudio.design/majesty/img/background/styles/bg_4.jpg]
[html.miraclestudio.design/majesty/img/background/styles/bg_5.jpg]
[html.miraclestudio.design/majesty/img/background/styles/bg_6.jpg]
[html.miraclestudio.design/majesty/img/background/styles/bg_27.jpg]
[html.miraclestudio.design/majesty/img/background/styles/bg_28.jpg]
[html.miraclestudio.design/majesty/img/background/styles/bg_29.jpg]
[html.miraclestudio.design/majesty/img/background/bg_9.jpg]
[html.miraclestudio.design/majesty/img/background/bg_4.jpg]
[html.miraclestudio.design/majesty/img/background/bg_8.jpg]
[html.miraclestudio.design/majesty/img/background/bg_17.jpg]
[html.miraclestudio.design/majesty/img/background/message-bg.jpg]
[html.miraclestudio.design/majesty/img/background/styles/bg_15.jpg]
[html.miraclestudio.design/majesty/img/background/styles/bg_13.jpg]
[html.miraclestudio.design/majesty/img/background/styles/bg_14.jpg]
[html.miraclestudio.design/majesty/img/banner/carts.jpg]
[html.miraclestudio.design/majesty/img/background/bg_19.jpg]
[html.miraclestudio.design/majesty/img/banner/menu.jpg]
[html.miraclestudio.design/majesty/img/banner/menu_single.jpg]
[html.miraclestudio.design/majesty/img/banner/breakfast_banner.jpg]
[html.miraclestudio.design/majesty/img/banner/team.jpg]
[html.miraclestudio.design/majesty/img/sub-menu.png]
[html.miraclestudio.design/majesty/img/sub-menu-dark.png]
[html.miraclestudio.design/majesty/img/poster.jpg]
[html.miraclestudio.design/majesty/img/background/poster.jpg]
[html.miraclestudio.design/majesty/img/left.png]
[html.miraclestudio.design/majesty/img/right.png]
[html.miraclestudio.design/majesty/img/move-bg.jpg]
[html.miraclestudio.design/majesty/img/pattern-bg.png]
[html.miraclestudio.design/majesty/img/divider_1.png]
[html.miraclestudio.design/majesty/img/divider_2.png]
[html.miraclestudio.design/majesty/img/pattern.jpg]
[html.miraclestudio.design/majesty/stylesheets/main.css]
[html.miraclestudio.design/majesty/stylesheets/main-responsive.css]
[html.miraclestudio.design/majesty/img/logo_intro.png]
[html.miraclestudio.design/majesty/img/Left-Image.jpg]
[html.miraclestudio.design/majesty/img/right-image.jpg]
[html.miraclestudio.design/majesty/img/block1.jpg]
[html.miraclestudio.design/majesty/img/block2.jpg]
[html.miraclestudio.design/majesty/img/block3.jpg]
[html.miraclestudio.design/majesty/img/menu/menu_home_1/starter_1.jpg]
[html.miraclestudio.design/majesty/img/menu/menu_home_1/starter_2.jpg]
[html.miraclestudio.design/majesty/img/menu/menu_home_1/starter_3.jpg]
[html.miraclestudio.design/majesty/img/menu/menu_home_1/starter_4.jpg]
[html.miraclestudio.design/majesty/img/menu/menu_home_1/dishes_1.jpg]
[html.miraclestudio.design/majesty/img/menu/menu_home_1/dishes_2.jpg]
[html.miraclestudio.design/majesty/img/menu/menu_home_1/dishes_3.jpg]
[html.miraclestudio.design/majesty/img/menu/menu_home_1/dishes_4.jpg]
[html.miraclestudio.design/majesty/img/menu/menu_home_1/desert_1.jpg]
[html.miraclestudio.design/majesty/img/menu/menu_home_1/desert_2.jpg]
[html.miraclestudio.design/majesty/img/menu/menu_home_1/desert_3.jpg]
[html.miraclestudio.design/majesty/img/menu/menu_home_1/desert_4.jpg]
[html.miraclestudio.design/majesty/img/menu/menu_home_1/drinks_1.jpg]
[html.miraclestudio.design/majesty/img/menu/menu_home_1/drinks_2.jpg]
[html.miraclestudio.design/majesty/img/menu/menu_home_1/drinks_3.jpg]
[html.miraclestudio.design/majesty/img/menu/menu_home_1/drinks_4.jpg]
[html.miraclestudio.design/majesty/img/background/left_bg.png]
[html.miraclestudio.design/majesty/img/background/right_bg.png]
[html.miraclestudio.design/majesty/img/background/right_bg2.png]
[html.miraclestudio.design/majesty/javascripts/custom/mbBgGallery_init.js]
[html.miraclestudio.design/majesty/index01.html]
[html.miraclestudio.design/majesty/img/videos/explore-poster.jpg]
[html.miraclestudio.design/majesty/img/videos/explore.mp4]
[html.miraclestudio.design/majesty/img/videos/explore.webm]
[html.miraclestudio.design/majesty/img/background/bg_10.jpg]
[html.miraclestudio.design/majesty/img/home3/left-intro.jpg]
[html.miraclestudio.design/majesty/img/home3/center-intro.jpg]
[html.miraclestudio.design/majesty/img/home3/right-intro.jpg]
[html.miraclestudio.design/majesty/img/home3/chef.jpg]
[html.miraclestudio.design/majesty/img/menu/bg1.jpg]
[html.miraclestudio.design/majesty/img/menu/starter/starter1.jpg]
[html.miraclestudio.design/majesty/img/menu/starter/starter2.jpg]
[html.miraclestudio.design/majesty/img/menu/starter/starter3.jpg]
[html.miraclestudio.design/majesty/img/menu/starter/starter4.jpg]
[html.miraclestudio.design/majesty/img/menu/starter/starter5.jpg]
[html.miraclestudio.design/majesty/img/menu/starter/starter6.jpg]
[html.miraclestudio.design/majesty/img/menu/bg2.jpg]
[html.miraclestudio.design/majesty/img/menu/dishes/dishes1.jpg]
[html.miraclestudio.design/majesty/img/menu/dishes/dishes2.jpg]
[html.miraclestudio.design/majesty/img/menu/dishes/dishes3.jpg]
[html.miraclestudio.design/majesty/img/menu/dishes/dishes4.jpg]
[html.miraclestudio.design/majesty/img/menu/dishes/dishes5.jpg]
[html.miraclestudio.design/majesty/img/menu/dishes/dishes6.jpg]
[html.miraclestudio.design/majesty/img/menu/bg3.jpg]
[html.miraclestudio.design/majesty/img/menu/desert/desert1.jpg]
[html.miraclestudio.design/majesty/img/menu/desert/desert2.jpg]
[html.miraclestudio.design/majesty/img/menu/desert/desert3.jpg]
[html.miraclestudio.design/majesty/img/menu/desert/desert4.jpg]
[html.miraclestudio.design/majesty/img/menu/desert/desert5.jpg]
[html.miraclestudio.design/majesty/img/menu/desert/desert6.jpg]
[html.miraclestudio.design/majesty/index03.html]
[html.miraclestudio.design/majesty/boxed/img/favicon/favicon.ico]
[html.miraclestudio.design/majesty/boxed/img/favicon/apple-touch-icon-57x57.png]
[html.miraclestudio.design/majesty/boxed/img/favicon/apple-touch-icon-114x114.png]
[html.miraclestudio.design/majesty/boxed/img/favicon/apple-touch-icon-72x72.png]
[html.miraclestudio.design/majesty/boxed/img/favicon/apple-touch-icon-144x144.png]
[html.miraclestudio.design/majesty/boxed/img/logo_intro.png]
[html.miraclestudio.design/majesty/boxed/about.html]
[html.miraclestudio.design/majesty/boxed/img/logo.png]
[html.miraclestudio.design/majesty/boxed/img/logo_dark.png]
[html.miraclestudio.design/majesty/boxed/index02.html]
[html.miraclestudio.design/majesty/boxed/index03.html]
[html.miraclestudio.design/majesty/boxed/index_onepage_horizental.html]
[html.miraclestudio.design/majesty/boxed/index_onepage_vertical.html]
[html.miraclestudio.design/majesty/boxed/index_onepage_zooming.html]
[html.miraclestudio.design/majesty/boxed/index_onepage_fade.html]
[html.miraclestudio.design/majesty/boxed/index_onepage_slider.html]
[html.miraclestudio.design/majesty/boxed/index_onepage_slide_top.html]
[html.miraclestudio.design/majesty/boxed/index_onepage_fullscreen.html]
[html.miraclestudio.design/majesty/boxed/index_onepage_parallax.html]
[html.miraclestudio.design/majesty/boxed/index_onepage_animation_bg.html]
[html.miraclestudio.design/majesty/boxed/index_onepage_interactive.html]
[html.miraclestudio.design/majesty/boxed/index_onepage_video.html]
[html.miraclestudio.design/majesty/boxed/index_onepage_youtube.html]
[html.miraclestudio.design/majesty/boxed/index_onepage_viemo.html]
[html.miraclestudio.design/majesty/boxed/index_onepage_fullwidth.html]
[html.miraclestudio.design/majesty/boxed/index_onepage_animation.html]
[html.miraclestudio.design/majesty/boxed/index_amrican.html]
[html.miraclestudio.design/majesty/boxed/index_asian.html]
[html.miraclestudio.design/majesty/boxed/index_pizza.html]
[html.miraclestudio.design/majesty/boxed/index_burger.html]
[html.miraclestudio.design/majesty/boxed/index_bakery.html]
[html.miraclestudio.design/majesty/boxed/index_cafe.html]
[html.miraclestudio.design/majesty/boxed/index_animate.html]
[html.miraclestudio.design/majesty/boxed/menu_gird.html]
[html.miraclestudio.design/majesty/boxed/img/drop_menu/starter.jpg]
[html.miraclestudio.design/majesty/boxed/img/drop_menu/dishes.jpg]
[html.miraclestudio.design/majesty/boxed/img/drop_menu/fishes.jpg]
[html.miraclestudio.design/majesty/boxed/img/drop_menu/salads.jpg]
[html.miraclestudio.design/majesty/boxed/img/drop_menu/deserts.jpg]
[html.miraclestudio.design/majesty/boxed/img/drop_menu/drinks.jpg]
[html.miraclestudio.design/majesty/boxed/img/drop_menu/soup.jpg]
[html.miraclestudio.design/majesty/boxed/img/drop_menu/combo.jpg]
[html.miraclestudio.design/majesty/boxed/reservation.html]
[html.miraclestudio.design/majesty/boxed/blog_gird_two_cloumn.html]
[html.miraclestudio.design/majesty/boxed/blog_gird_three_cloumn.html]
[html.miraclestudio.design/majesty/boxed/blog_gird_full_width_cloumn.html]
[html.miraclestudio.design/majesty/boxed/blog_list_style_1.html]
[html.miraclestudio.design/majesty/boxed/blog_list_style_2.html]
[html.miraclestudio.design/majesty/boxed/blog_masonry_two_cloumn.html]
[html.miraclestudio.design/majesty/boxed/blog_masonry_three_cloumn.html]
[html.miraclestudio.design/majesty/boxed/blog_masonry_fullwidth.html]
[html.miraclestudio.design/majesty/boxed/blog_single_image.html]
[html.miraclestudio.design/majesty/boxed/blog_single_slider.html]
[html.miraclestudio.design/majesty/boxed/blog_single_gallery.html]
[html.miraclestudio.design/majesty/boxed/blog_single_lightbox.html]
[html.miraclestudio.design/majesty/boxed/blog_single_video.html]
[html.miraclestudio.design/majesty/boxed/blog_single_soundclouds.html]
[html.miraclestudio.design/majesty/boxed/blog_single_youtube.html]
[html.miraclestudio.design/majesty/boxed/blog_single_viemo.html]
[html.miraclestudio.design/majesty/boxed/blog_single_blockquote.html]
[html.miraclestudio.design/majesty/boxed/blog_single_rightsidebar.html]
[html.miraclestudio.design/majesty/boxed/blog_single_leftsidebar.html]
[html.miraclestudio.design/majesty/boxed/events.html]
[html.miraclestudio.design/majesty/boxed/contact.html]
[html.miraclestudio.design/majesty/boxed/services.html]
[html.miraclestudio.design/majesty/boxed/team.html]
[html.miraclestudio.design/majesty/boxed/team_single.html]
[html.miraclestudio.design/majesty/boxed/testimonials.html]
[html.miraclestudio.design/majesty/boxed/clients.html]
[html.miraclestudio.design/majesty/boxed/privacy.html]
[html.miraclestudio.design/majesty/boxed/sitemap.html]
[html.miraclestudio.design/majesty/boxed/menu_gird_fullwidth.html]
[html.miraclestudio.design/majesty/boxed/menu_masonry.html]
[html.miraclestudio.design/majesty/boxed/menu_masonry_fullwidth.html]
[html.miraclestudio.design/majesty/boxed/menu_list.html]
[html.miraclestudio.design/majesty/boxed/menu_tabs.html]
[html.miraclestudio.design/majesty/boxed/menu_scroll.html]
[html.miraclestudio.design/majesty/boxed/menu_shown_all.html]
[html.miraclestudio.design/majesty/boxed/menu_single.html]
[html.miraclestudio.design/majesty/boxed/menu_single_rightsidebar.html]
[html.miraclestudio.design/majesty/boxed/menu_single_leftsidebar.html]
[html.miraclestudio.design/majesty/boxed/login_default.html]
[html.miraclestudio.design/majesty/boxed/login_fullscreen.html]
[html.miraclestudio.design/majesty/boxed/login_video.html]
[html.miraclestudio.design/majesty/boxed/login_slider.html]
[html.miraclestudio.design/majesty/boxed/404_default.html]
[html.miraclestudio.design/majesty/boxed/404_video.html]
[html.miraclestudio.design/majesty/boxed/404_animate_bg.html]
[html.miraclestudio.design/majesty/boxed/coming_soon_default.html]
[html.miraclestudio.design/majesty/boxed/coming_soon_video.html]
[html.miraclestudio.design/majesty/boxed/coming_soon_slider.html]
[html.miraclestudio.design/majesty/boxed/register.html]
[html.miraclestudio.design/majesty/boxed/blank_page.html]
[html.miraclestudio.design/majesty/boxed/shortcodes_accordion.html]
[html.miraclestudio.design/majesty/boxed/shortcodes_alert_message.html]
[html.miraclestudio.design/majesty/boxed/shortcodes_animation.html]
[html.miraclestudio.design/majesty/boxed/shortcodes_blockquote.html]
[html.miraclestudio.design/majesty/boxed/shortcodes_button.html]
[html.miraclestudio.design/majesty/boxed/shortcodes_carousal.html]
[html.miraclestudio.design/majesty/boxed/shortcodes_columns.html]
[html.miraclestudio.design/majesty/boxed/shortcodes_divider.html]
[html.miraclestudio.design/majesty/boxed/shortcodes_maps.html]
[html.miraclestudio.design/majesty/boxed/shortcodes_light_box.html]
[html.miraclestudio.design/majesty/boxed/shortcodes_list.html]
[html.miraclestudio.design/majesty/boxed/shortcodes_media.html]
[html.miraclestudio.design/majesty/boxed/shortcodes_modal_box.html]
[html.miraclestudio.design/majesty/boxed/shortcodes_icons.html]
[html.miraclestudio.design/majesty/boxed/shortcodes_pagination.html]
[html.miraclestudio.design/majesty/boxed/shortcodes_panels.html]
[html.miraclestudio.design/majesty/boxed/shortcodes_popovers.html]
[html.miraclestudio.design/majesty/boxed/shortcodes_progress_bar.html]
[html.miraclestudio.design/majesty/boxed/shortcodes_pricing.html]
[html.miraclestudio.design/majesty/boxed/shortcodes_social.html]
[html.miraclestudio.design/majesty/boxed/shortcodes_sections.html]
[html.miraclestudio.design/majesty/boxed/shortcodes_tabs.html]
[html.miraclestudio.design/majesty/boxed/shortcodes_tables.html]
[html.miraclestudio.design/majesty/boxed/shortcodes_typography.html]
[html.miraclestudio.design/majesty/boxed/shop_carts.html]
[html.miraclestudio.design/majesty/boxed/shop_wishlist.html]
[html.miraclestudio.design/majesty/boxed/shop_checkout.html]
[html.miraclestudio.design/majesty/boxed/shop_myaccount.html]
[html.miraclestudio.design/majesty/boxed/img/post_thumb.jpg]
[html.miraclestudio.design/majesty/boxed/img/post_thumb2.jpg]
[html.miraclestudio.design/majesty/boxed/img/post_thumb3.jpg]
[html.miraclestudio.design/majesty/boxed/img/Left-Image.jpg]
[html.miraclestudio.design/majesty/boxed/img/right-image.jpg]
[html.miraclestudio.design/majesty/boxed/img/block1.jpg]
[html.miraclestudio.design/majesty/boxed/img/block2.jpg]
[html.miraclestudio.design/majesty/boxed/img/block3.jpg]
[html.miraclestudio.design/majesty/boxed/img/menu/menu_home_1/starter_1.jpg]
[html.miraclestudio.design/majesty/boxed/img/menu/menu_home_1/starter_2.jpg]
[html.miraclestudio.design/majesty/boxed/img/menu/menu_home_1/starter_3.jpg]
[html.miraclestudio.design/majesty/boxed/img/menu/menu_home_1/starter_4.jpg]
[html.miraclestudio.design/majesty/boxed/img/menu/menu_home_1/dishes_1.jpg]
[html.miraclestudio.design/majesty/boxed/img/menu/menu_home_1/dishes_2.jpg]
[html.miraclestudio.design/majesty/boxed/img/menu/menu_home_1/dishes_3.jpg]
[html.miraclestudio.design/majesty/boxed/img/menu/menu_home_1/dishes_4.jpg]
[html.miraclestudio.design/majesty/boxed/img/menu/menu_home_1/desert_1.jpg]
[html.miraclestudio.design/majesty/boxed/img/menu/menu_home_1/desert_2.jpg]
[html.miraclestudio.design/majesty/boxed/img/menu/menu_home_1/desert_3.jpg]
[html.miraclestudio.design/majesty/boxed/img/menu/menu_home_1/desert_4.jpg]
[html.miraclestudio.design/majesty/boxed/img/menu/menu_home_1/drinks_1.jpg]
[html.miraclestudio.design/majesty/boxed/img/menu/menu_home_1/drinks_2.jpg]
[html.miraclestudio.design/majesty/boxed/img/menu/menu_home_1/drinks_3.jpg]
[html.miraclestudio.design/majesty/boxed/img/menu/menu_home_1/drinks_4.jpg]
[html.miraclestudio.design/majesty/boxed/img/background/left_bg.png]
[html.miraclestudio.design/majesty/boxed/img/background/right_bg.png]
[html.miraclestudio.design/majesty/boxed/img/background/right_bg2.png]
[html.miraclestudio.design/majesty/boxed/img/blog/block4.jpg]
[html.miraclestudio.design/majesty/boxed/img/blog/block5.jpg]
[html.miraclestudio.design/majesty/boxed/img/blog/block6.jpg]
[html.miraclestudio.design/majesty/boxed/img/footer_logo.png]
[html.miraclestudio.design/majesty/boxed/javascripts/libs/jquery.min.js]
[html.miraclestudio.design/majesty/boxed/javascripts/libs/plugins.js]
[html.miraclestudio.design/majesty/boxed/javascripts/libs/modernizr.js]
[html.miraclestudio.design/majesty/boxed/javascripts/custom/main.js]
[html.miraclestudio.design/majesty/boxed/javascripts/custom/mbBgGallery_init.js]
[html.miraclestudio.design/majesty/boxed/index01.html]
[html.miraclestudio.design/majesty/boxed/img/logo_intro_dark.png]
[html.miraclestudio.design/majesty/boxed/img/home2/art.jpg]
[html.miraclestudio.design/majesty/boxed/img/home2/chef.png]
[html.miraclestudio.design/majesty/boxed/img/team/1.jpg]
[html.miraclestudio.design/majesty/boxed/img/team/2.jpg]
[html.miraclestudio.design/majesty/boxed/img/team/3.jpg]
[html.miraclestudio.design/majesty/boxed/img/team/4.jpg]
[html.miraclestudio.design/majesty/boxed/img/team/5.jpg]
[html.miraclestudio.design/majesty/boxed/img/team/6.jpg]
[html.miraclestudio.design/majesty/boxed/img/breakfast.png]
[html.miraclestudio.design/majesty/boxed/img/lunch.png]
[html.miraclestudio.design/majesty/boxed/img/dinner.png]
[html.miraclestudio.design/majesty/boxed/img/dessert.png]
[html.miraclestudio.design/majesty/boxed/img/masonry/1.jpg]
[html.miraclestudio.design/majesty/boxed/img/masonry/2.jpg]
[html.miraclestudio.design/majesty/boxed/img/masonry/3.jpg]
[html.miraclestudio.design/majesty/boxed/img/masonry/4.jpg]
[html.miraclestudio.design/majesty/boxed/img/masonry/5.jpg]
[html.miraclestudio.design/majesty/boxed/img/masonry/6.jpg]
[html.miraclestudio.design/majesty/boxed/img/masonry/7.jpg]
[html.miraclestudio.design/majesty/boxed/img/masonry/8.jpg]
[html.miraclestudio.design/majesty/boxed/img/masonry/9.jpg]
[html.miraclestudio.design/majesty/boxed/img/masonry/10.jpg]
[html.miraclestudio.design/majesty/boxed/img/background/bg_11.jpg]
[html.miraclestudio.design/majesty/boxed/img/app.png]
[html.miraclestudio.design/majesty/boxed/index_bg_img.html]
[html.miraclestudio.design/majesty/boxed/img/background/bg_9.jpg]
[html.miraclestudio.design/majesty/boxed/img/videos/explore-poster.jpg]
[html.miraclestudio.design/majesty/boxed/img/videos/explore.mp4]
[html.miraclestudio.design/majesty/boxed/img/videos/explore.webm]
[html.miraclestudio.design/majesty/boxed/img/background/bg_10.jpg]
[html.miraclestudio.design/majesty/boxed/img/home3/left-intro.jpg]
[html.miraclestudio.design/majesty/boxed/img/home3/center-intro.jpg]
[html.miraclestudio.design/majesty/boxed/img/home3/right-intro.jpg]
[html.miraclestudio.design/majesty/boxed/img/home3/chef.jpg]
[html.miraclestudio.design/majesty/boxed/img/menu/bg1.jpg]
[html.miraclestudio.design/majesty/boxed/img/menu/starter/starter1.jpg]
[html.miraclestudio.design/majesty/boxed/img/menu/starter/starter2.jpg]
[html.miraclestudio.design/majesty/boxed/img/menu/starter/starter3.jpg]
[html.miraclestudio.design/majesty/boxed/img/menu/starter/starter4.jpg]
[html.miraclestudio.design/majesty/boxed/img/menu/starter/starter5.jpg]
[html.miraclestudio.design/majesty/boxed/img/menu/starter/starter6.jpg]
[html.miraclestudio.design/majesty/boxed/img/menu/bg2.jpg]
[html.miraclestudio.design/majesty/boxed/img/menu/dishes/dishes1.jpg]
[html.miraclestudio.design/majesty/boxed/img/menu/dishes/dishes2.jpg]
[html.miraclestudio.design/majesty/boxed/img/menu/dishes/dishes3.jpg]
[html.miraclestudio.design/majesty/boxed/img/menu/dishes/dishes4.jpg]
[html.miraclestudio.design/majesty/boxed/img/menu/dishes/dishes5.jpg]
[html.miraclestudio.design/majesty/boxed/img/menu/dishes/dishes6.jpg]
[html.miraclestudio.design/majesty/boxed/img/menu/bg3.jpg]
[html.miraclestudio.design/majesty/boxed/img/menu/desert/desert1.jpg]
[html.miraclestudio.design/majesty/boxed/img/menu/desert/desert2.jpg]
[html.miraclestudio.design/majesty/boxed/img/menu/desert/desert3.jpg]
[html.miraclestudio.design/majesty/boxed/img/menu/desert/desert4.jpg]
[html.miraclestudio.design/majesty/boxed/img/menu/desert/desert5.jpg]
[html.miraclestudio.design/majesty/boxed/img/menu/desert/desert6.jpg]
[html.miraclestudio.design/majesty/boxed/index_bg_color.html]
[maps.googleapis.com/maps/api/js555e]
[html.miraclestudio.design/majesty/index_onepage_horizental.html]
[html.miraclestudio.design/majesty/img/vertical-logo.png]
[html.miraclestudio.design/majesty/img/background/bg_13.jpg]
[html.miraclestudio.design/majesty/img/background/bg_12.jpg]
[html.miraclestudio.design/majesty/index_onepage_vertical.html]
[html.miraclestudio.design/majesty/index_onepage_zooming.html]
[html.miraclestudio.design/majesty/index_onepage_fade.html]
[html.miraclestudio.design/majesty/index_onepage_slider.html]
[html.miraclestudio.design/majesty/index_onepage_slide_top.html]
[html.miraclestudio.design/majesty/index_onepage_fullscreen.html]
[html.miraclestudio.design/majesty/index_onepage_parallax.html]
[html.miraclestudio.design/majesty/index_onepage_animation_bg.html]
[html.miraclestudio.design/majesty/img/background/bg_18.jpg]
[html.miraclestudio.design/majesty/index_onepage_interactive.html]
[html.miraclestudio.design/majesty/index_onepage_video.html]
[html.miraclestudio.design/majesty/index_onepage_youtube.html]
[html.miraclestudio.design/majesty/index_onepage_viemo.html]
[html.miraclestudio.design/majesty/index_onepage_fullwidth.html]
[html.miraclestudio.design/majesty/index_onepage_animation.html]
[html.miraclestudio.design/majesty/img/background/styles/bg_16.jpg]
[html.miraclestudio.design/majesty/img/background/styles/bg_17.jpg]
[html.miraclestudio.design/majesty/img/themes/amrican/left-intro.jpg]
[html.miraclestudio.design/majesty/img/themes/amrican/center-intro.jpg]
[html.miraclestudio.design/majesty/img/themes/amrican/right-intro.jpg]
[html.miraclestudio.design/majesty/img/menu/launch_1.jpg]
[html.miraclestudio.design/majesty/img/menu/launch_2.jpg]
[html.miraclestudio.design/majesty/img/menu/launch_3.jpg]
[html.miraclestudio.design/majesty/img/menu/launch_4.jpg]
[html.miraclestudio.design/majesty/img/menu/launch_5.jpg]
[html.miraclestudio.design/majesty/img/menu/launch_6.jpg]
[html.miraclestudio.design/majesty/img/menu/launch_7.jpg]
[html.miraclestudio.design/majesty/img/menu/launch_8.jpg]
[html.miraclestudio.design/majesty/img/menu/dinner_1.jpg]
[html.miraclestudio.design/majesty/img/menu/dinner_2.jpg]
[html.miraclestudio.design/majesty/img/menu/dinner_3.jpg]
[html.miraclestudio.design/majesty/img/menu/dinner_4.jpg]
[html.miraclestudio.design/majesty/img/menu/dinner_5.jpg]
[html.miraclestudio.design/majesty/img/menu/dinner_6.jpg]
[html.miraclestudio.design/majesty/img/menu/dinner_7.jpg]
[html.miraclestudio.design/majesty/img/menu/dinner_8.jpg]
[html.miraclestudio.design/majesty/img/menu/desert_1.jpg]
[html.miraclestudio.design/majesty/img/menu/desert_2.jpg]
[html.miraclestudio.design/majesty/img/menu/desert_3.jpg]
[html.miraclestudio.design/majesty/img/menu/desert_4.jpg]
[html.miraclestudio.design/majesty/img/menu/desert_5.jpg]
[html.miraclestudio.design/majesty/img/menu/desert_6.jpg]
[html.miraclestudio.design/majesty/img/menu/desert_7.jpg]
[html.miraclestudio.design/majesty/img/menu/desert_8.jpg]
[html.miraclestudio.design/majesty/index_amrican.html]
[html.miraclestudio.design/majesty/img/themes/asian/1.jpg]
[html.miraclestudio.design/majesty/img/themes/burger/rest.jpg]
[html.miraclestudio.design/majesty/img/themes/asian/diet.jpg]
[html.miraclestudio.design/majesty/img/themes/asian/appetizers.jpg]
[html.miraclestudio.design/majesty/img/themes/asian/triple.jpg]
[html.miraclestudio.design/majesty/img/themes/asian/meals.jpg]
[html.miraclestudio.design/majesty/img/background/styles/bg_19.jpg]
[html.miraclestudio.design/majesty/img/background/styles/bg_20.jpg]
[html.miraclestudio.design/majesty/index_asian.html]
[html.miraclestudio.design/majesty/img/themes/pizza/art.jpg]
[html.miraclestudio.design/majesty/img/themes/pizza/1.jpg]
[html.miraclestudio.design/majesty/img/themes/pizza/2.jpg]
[html.miraclestudio.design/majesty/img/themes/pizza/3.jpg]
[html.miraclestudio.design/majesty/img/themes/pizza/4.jpg]
[html.miraclestudio.design/majesty/img/themes/pizza/5.jpg]
[html.miraclestudio.design/majesty/img/themes/pizza/6.jpg]
[html.miraclestudio.design/majesty/img/themes/pizza/7.jpg]
[html.miraclestudio.design/majesty/img/themes/pizza/8.jpg]
[html.miraclestudio.design/majesty/img/themes/pizza/9.jpg]
[html.miraclestudio.design/majesty/img/themes/pizza/10.jpg]
[html.miraclestudio.design/majesty/index_pizza.html]
[html.miraclestudio.design/majesty/img/themes/burger/right_img.jpg]
[html.miraclestudio.design/majesty/img/themes/burger/diet.jpg]
[html.miraclestudio.design/majesty/img/themes/burger/menu_1.jpg]
[html.miraclestudio.design/majesty/img/themes/burger/menu_2.jpg]
[html.miraclestudio.design/majesty/img/themes/burger/menu_7.jpg]
[html.miraclestudio.design/majesty/img/themes/burger/menu_8.jpg]
[html.miraclestudio.design/majesty/img/themes/burger/menu_3.jpg]
[html.miraclestudio.design/majesty/img/themes/burger/menu_4.jpg]
[html.miraclestudio.design/majesty/img/themes/burger/menu_5.jpg]
[html.miraclestudio.design/majesty/img/themes/burger/menu_6.jpg]
[html.miraclestudio.design/majesty/img/background/styles/bg_2.jpg]
[html.miraclestudio.design/majesty/img/background/styles/bg_3.jpg]
[html.miraclestudio.design/majesty/index_burger.html]
[html.miraclestudio.design/majesty/img/themes/bakery/intro.jpg]
[html.miraclestudio.design/majesty/img/themes/bakery/rest.jpg]
[html.miraclestudio.design/majesty/img/themes/bakery/diet.jpg]
[html.miraclestudio.design/majesty/img/themes/bakery/menu_1.jpg]
[html.miraclestudio.design/majesty/img/themes/bakery/menu_2.jpg]
[html.miraclestudio.design/majesty/img/themes/bakery/menu_3.jpg]
[html.miraclestudio.design/majesty/img/themes/bakery/menu_4.jpg]
[html.miraclestudio.design/majesty/img/themes/bakery/menu_5.jpg]
[html.miraclestudio.design/majesty/img/themes/bakery/menu_6.jpg]
[html.miraclestudio.design/majesty/img/themes/bakery/menu_7.jpg]
[html.miraclestudio.design/majesty/img/themes/bakery/menu_8.jpg]
[html.miraclestudio.design/majesty/img/themes/bakery/menu_9.jpg]
[html.miraclestudio.design/majesty/img/themes/bakery/menu_10.jpg]
[html.miraclestudio.design/majesty/img/themes/bakery/img.png]
[html.miraclestudio.design/majesty/img/background/styles/bg_8.jpg]
[html.miraclestudio.design/majesty/img/background/styles/bg_9.jpg]
[html.miraclestudio.design/majesty/index_bakery.html]
[html.miraclestudio.design/majesty/img/themes/cafe/Left-Image.jpg]
[html.miraclestudio.design/majesty/img/themes/cafe/right-image.jpg]
[html.miraclestudio.design/majesty/img/themes/cafe/espresso.jpg]
[html.miraclestudio.design/majesty/img/themes/cafe/1.jpg]
[html.miraclestudio.design/majesty/img/themes/cafe/2.jpg]
[html.miraclestudio.design/majesty/img/themes/cafe/3.jpg]
[html.miraclestudio.design/majesty/img/themes/cafe/4.jpg]
[html.miraclestudio.design/majesty/menu_tabs]
[html.miraclestudio.design/majesty/img/themes/cafe/5.jpg]
[html.miraclestudio.design/majesty/img/themes/cafe/6.jpg]
[html.miraclestudio.design/majesty/img/themes/cafe/7.jpg]
[html.miraclestudio.design/majesty/img/themes/cafe/8.jpg]
[html.miraclestudio.design/majesty/img/themes/cafe/9.jpg]
[html.miraclestudio.design/majesty/img/themes/cafe/10.jpg]
[html.miraclestudio.design/majesty/img/background/styles/bg_25.jpg]
[html.miraclestudio.design/majesty/img/background/styles/bg_26.jpg]
[html.miraclestudio.design/majesty/index_cafe.html]
[html.miraclestudio.design/majesty/index_animate.html]
[html.miraclestudio.design/majesty/menu_gird.html]
[html.miraclestudio.design/majesty/img/breakfast_dark.png]
[html.miraclestudio.design/majesty/img/lunch_dark.png]
[html.miraclestudio.design/majesty/img/dinner_dark.png]
[html.miraclestudio.design/majesty/img/dessert_dark.png]
[html.miraclestudio.design/majesty/reservation.html]
[html.miraclestudio.design/majesty/img/blog/block13.jpg]
[html.miraclestudio.design/majesty/img/blog/block14.jpg]
[html.miraclestudio.design/majesty/img/blog/block15.jpg]
[html.miraclestudio.design/majesty/img/blog/block7.jpg]
[html.miraclestudio.design/majesty/img/blog/block8.jpg]
[html.miraclestudio.design/majesty/blog_gird_two_cloumn.html]
[html.miraclestudio.design/majesty/img/blog/block9.jpg]
[html.miraclestudio.design/majesty/blog_gird_three_cloumn.html]
[html.miraclestudio.design/majesty/img/blog/block10.jpg]
[html.miraclestudio.design/majesty/img/blog/block11.jpg]
[html.miraclestudio.design/majesty/img/blog/block12.jpg]
[html.miraclestudio.design/majesty/blog_gird_full_width_cloumn.html]
[html.miraclestudio.design/majesty/img/blog/blog_list_1.jpg]
[html.miraclestudio.design/majesty/img/blog/blog_list_2.jpg]
[html.miraclestudio.design/majesty/img/blog/blog_list_3.jpg]
[html.miraclestudio.design/majesty/img/blog/blog_list_4.jpg]
[html.miraclestudio.design/majesty/img/blog/blog_list_5.jpg]
[html.miraclestudio.design/majesty/blog_list_style_1.html]
[html.miraclestudio.design/majesty/img/blog/blog-list.jpg]
[html.miraclestudio.design/majesty/img/blog/blog-list2.jpg]
[html.miraclestudio.design/majesty/img/blog/blog-list3.jpg]
[html.miraclestudio.design/majesty/img/blog/blog-list4.jpg]
[html.miraclestudio.design/majesty/img/blog/blog-list5.jpg]
[html.miraclestudio.design/majesty/blog_list_style_2.html]
[html.miraclestudio.design/majesty/img/blog/blog-large2.jpg]
[html.miraclestudio.design/majesty/img/blog/blog-large.jpg]
[html.miraclestudio.design/majesty/blog_masonry_two_cloumn.html]
[html.miraclestudio.design/majesty/img/blog/blog-large3.jpg]
[html.miraclestudio.design/majesty/blog_masonry_three_cloumn.html]
[html.miraclestudio.design/majesty/blog_masonry_fullwidth.html]
[html.miraclestudio.design/majesty/img/comment/1.jpg]
[html.miraclestudio.design/majesty/img/comment/2.jpg]
[html.miraclestudio.design/majesty/img/comment/3.jpg]
[html.miraclestudio.design/majesty/blog_single_image.html]
[html.miraclestudio.design/majesty/blog_single_slider.html]
[html.miraclestudio.design/majesty/img/blog/block17.jpg]
[html.miraclestudio.design/majesty/img/blog/full_width_gallery.jpg]
[html.miraclestudio.design/majesty/blog_single_gallery.html]
[html.miraclestudio.design/majesty/blog_single_lightbox.html]
[html.miraclestudio.design/majesty/blog_single_video.html]
[html.miraclestudio.design/majesty/blog_single_soundclouds.html]
[html.miraclestudio.design/majesty/blog_single_youtube.html]
[html.miraclestudio.design/majesty/blog_single_viemo.html]
[html.miraclestudio.design/majesty/blog_single_blockquote.html]
[html.miraclestudio.design/majesty/img/blog/block16.jpg]
[html.miraclestudio.design/majesty/blog_single_rightsidebar.html]
[html.miraclestudio.design/majesty/blog_single_leftsidebar.html]
[html.miraclestudio.design/majesty/javascripts/libs/moment.min.js]
[html.miraclestudio.design/majesty/javascripts/libs/fullcalendar.min.js]
[html.miraclestudio.design/majesty/events.html]
[html.miraclestudio.design/majesty/contact.html]
[html.miraclestudio.design/majesty/img/slide1.jpg]
[html.miraclestudio.design/majesty/img/slide2.jpg]
[html.miraclestudio.design/majesty/img/slide3.jpg]
[html.miraclestudio.design/majesty/about.html]
[html.miraclestudio.design/majesty/services.html]
[html.miraclestudio.design/majesty/img/team/7.jpg]
[html.miraclestudio.design/majesty/img/team/8.jpg]
[html.miraclestudio.design/majesty/img/team/9.jpg]
[html.miraclestudio.design/majesty/team.html]
[html.miraclestudio.design/majesty/team_single.html]
[html.miraclestudio.design/majesty/img/clients/1.jpg]
[html.miraclestudio.design/majesty/img/clients/2.jpg]
[html.miraclestudio.design/majesty/img/clients/3.jpg]
[html.miraclestudio.design/majesty/img/clients/4.jpg]
[html.miraclestudio.design/majesty/img/clients/5.jpg]
[html.miraclestudio.design/majesty/testimonials.html]
[html.miraclestudio.design/majesty/shortcodes.html]
[html.miraclestudio.design/majesty/img/clients/client_1.jpg]
[html.miraclestudio.design/majesty/img/clients/client_2.jpg]
[html.miraclestudio.design/majesty/img/clients/client_3.jpg]
[html.miraclestudio.design/majesty/img/clients/client_4.jpg]
[html.miraclestudio.design/majesty/img/clients/client_7.png]
[html.miraclestudio.design/majesty/img/clients/client_8.png]
[html.miraclestudio.design/majesty/img/clients/client_9.png]
[html.miraclestudio.design/majesty/img/clients/client_10.png]
[html.miraclestudio.design/majesty/img/clients/client_11.png]
[html.miraclestudio.design/majesty/img/clients/client_12.png]
[html.miraclestudio.design/majesty/img/clients/client_13.png]
[html.miraclestudio.design/majesty/img/clients/client_14.png]
[html.miraclestudio.design/majesty/img/clients/client_15.png]
[html.miraclestudio.design/majesty/clients.html]
[html.miraclestudio.design/majesty/privacy.html]
[html.miraclestudio.design/majesty/sitemap.html]
[html.miraclestudio.design/majesty/menu_gird_fullwidth.html]
[html.miraclestudio.design/majesty/menu_grid.html]
[html.miraclestudio.design/majesty/menu_masonry.html]
[html.miraclestudio.design/majesty/menu_masonry_fullwidth.html]
[html.miraclestudio.design/majesty/img/menu/breakfast.jpg]
[html.miraclestudio.design/majesty/img/menu/launch.jpg]
[html.miraclestudio.design/majesty/img/menu/dinner.jpg]
[html.miraclestudio.design/majesty/img/menu/desert.jpg]
[html.miraclestudio.design/majesty/menu_list.html]
[html.miraclestudio.design/majesty/img/menu/breakfast_1.jpg]
[html.miraclestudio.design/majesty/img/menu/breakfast_2.jpg]
[html.miraclestudio.design/majesty/img/menu/breakfast_3.jpg]
[html.miraclestudio.design/majesty/img/menu/breakfast_4.jpg]
[html.miraclestudio.design/majesty/img/menu/breakfast_5.jpg]
[html.miraclestudio.design/majesty/img/menu/breakfast_6.jpg]
[html.miraclestudio.design/majesty/img/menu/breakfast_7.jpg]
[html.miraclestudio.design/majesty/img/menu/breakfast_8.jpg]
[html.miraclestudio.design/majesty/menu_tabs.html]
[html.miraclestudio.design/majesty/menu_scroll.html]
[html.miraclestudio.design/majesty/menu_shown_all.html]
[html.miraclestudio.design/majesty/img/menu/menu-single.jpg]
[html.miraclestudio.design/majesty/img/menu/menu-single2.jpg]
[html.miraclestudio.design/majesty/img/menu/menu-single3.jpg]
[html.miraclestudio.design/majesty/img/menu/menu-single4.jpg]
[html.miraclestudio.design/majesty/menu_single.html]
[html.miraclestudio.design/majesty/menu_single_rightsidebar.html]
[html.miraclestudio.design/majesty/menu_single_leftsidebar.html]
[html.miraclestudio.design/majesty/login_default.html]
[html.miraclestudio.design/majesty/login_fullscreen.html]
[html.miraclestudio.design/majesty/login_video.html]
[html.miraclestudio.design/majesty/login_slider.html]
[html.miraclestudio.design/majesty/404_default.html]
[html.miraclestudio.design/majesty/404_video.html]
[html.miraclestudio.design/majesty/404_animate_bg.html]
[html.miraclestudio.design/majesty/javascripts/libs/jquery.plugin.min.js]
[html.miraclestudio.design/majesty/javascripts/libs/jquery.countdown.min.js]
[html.miraclestudio.design/majesty/coming_soon_default.html]
[html.miraclestudio.design/majesty/coming_soon_video.html]
[html.miraclestudio.design/majesty/coming_soon_slider.html]
[html.miraclestudio.design/majesty/register.html]
[html.miraclestudio.design/majesty/blank_page.html]
[html.miraclestudio.design/majesty/shortcodes_accordion.html]
[html.miraclestudio.design/majesty/index_01.html]
[html.miraclestudio.design/majesty/shortcodes_alert_message.html]
[html.miraclestudio.design/majesty/shortcodes_animation.html]
[html.miraclestudio.design/majesty/shortcodes_blockquote.html]
[html.miraclestudio.design/majesty/shortcodes_button.html]
[html.miraclestudio.design/majesty/img/menu/desert1.jpg]
[html.miraclestudio.design/majesty/img/menu/desert2.jpg]
[html.miraclestudio.design/majesty/img/menu/desert3.jpg]
[html.miraclestudio.design/majesty/img/menu/desert4.jpg]
[html.miraclestudio.design/majesty/img/menu/desert5.jpg]
[html.miraclestudio.design/majesty/shortcodes_carousal.html]
[html.miraclestudio.design/majesty/shortcodes_columns.html]
[html.miraclestudio.design/majesty/shortcodes_divider.html]
[html.miraclestudio.design/majesty/img/map.png]
[html.miraclestudio.design/majesty/shortcodes_maps.html]
[html.miraclestudio.design/majesty/shortcodes_light_box.html]
[html.miraclestudio.design/majesty/shortcodes_list.html]
[html.miraclestudio.design/majesty/shortcodes_media.html]
[html.miraclestudio.design/majesty/shortcodes_modal_box.html]
[html.miraclestudio.design/majesty/shortcodes_icons.html]
[html.miraclestudio.design/majesty/shortcodes_pagination.html]
[html.miraclestudio.design/majesty/shortcodes_panels.html]
[html.miraclestudio.design/majesty/img/socials/arim.png]
[html.miraclestudio.design/majesty/img/socials/bebo.png]
[html.miraclestudio.design/majesty/img/socials/behance.png]
[html.miraclestudio.design/majesty/img/socials/blogger.png]
[html.miraclestudio.design/majesty/img/socials/delicious.png]
[html.miraclestudio.design/majesty/img/socials/deviantart.png]
[html.miraclestudio.design/majesty/img/socials/digg.png]
[html.miraclestudio.design/majesty/img/socials/facebook.png]
[html.miraclestudio.design/majesty/shortcodes_popovers.html]
[html.miraclestudio.design/majesty/shortcodes_progress_bar.html]
[html.miraclestudio.design/majesty/shortcodes_pricing.html]
[html.miraclestudio.design/majesty/img/socials/fastfm.png]
[html.miraclestudio.design/majesty/img/socials/flikr.png]
[html.miraclestudio.design/majesty/img/socials/formspring.png]
[html.miraclestudio.design/majesty/img/socials/google_plus.png]
[html.miraclestudio.design/majesty/img/socials/linkedin.png]
[html.miraclestudio.design/majesty/img/socials/myspace.png]
[html.miraclestudio.design/majesty/img/socials/path.png]
[html.miraclestudio.design/majesty/img/socials/pinterest.png]
[html.miraclestudio.design/majesty/img/socials/quora.png]
[html.miraclestudio.design/majesty/img/socials/rss.png]
[html.miraclestudio.design/majesty/img/socials/stumblepun.png]
[html.miraclestudio.design/majesty/img/socials/technorati.png]
[html.miraclestudio.design/majesty/img/socials/vimeo.png]
[html.miraclestudio.design/majesty/img/socials/wordpress.png]
[html.miraclestudio.design/majesty/img/socials/yelp.png]
[html.miraclestudio.design/majesty/img/socials/youtube.png]
[html.miraclestudio.design/majesty/shortcodes_social.html]
[html.miraclestudio.design/majesty/shortcodes_sections.html]
[html.miraclestudio.design/majesty/shortcodes_tabs.html]
[html.miraclestudio.design/majesty/shortcodes_tables.html]
[html.miraclestudio.design/majesty/shortcodes_typography.html]
[html.miraclestudio.design/majesty/img/carts/1.jpg]
[html.miraclestudio.design/majesty/img/carts/2.jpg]
[html.miraclestudio.design/majesty/img/carts/3.jpg]
[html.miraclestudio.design/majesty/img/carts/4.jpg]
[html.miraclestudio.design/majesty/img/carts/5.jpg]
[html.miraclestudio.design/majesty/shop_carts.html]
[html.miraclestudio.design/majesty/menu_single]
[html.miraclestudio.design/majesty/shop_wishlist.html]
[html.miraclestudio.design/majesty/shop_checkout.html]
[html.miraclestudio.design/majesty/shop_myaccount.html]
[html.miraclestudio.design/majesty/bootstrap/fonts/glyphicons-halflings-regular.svg]
[html.miraclestudio.design/majesty/stylesheets/AjaxLoader.html]
[html.miraclestudio.design/majesty/fonts/font_icons/fontawesome-webfonte0a5.svg]
[html.miraclestudio.design/majesty/fonts/font_icons/icomoon3627.svg]
[html.miraclestudio.design/majesty/img/poster.html]
[html.miraclestudio.design/majesty/img/pattern.html]
[html.miraclestudio.design/majesty/boxed/bootstrap/fonts/glyphicons-halflings-regular.eot]
[html.miraclestudio.design/majesty/boxed/bootstrap/fonts/glyphicons-halflings-regulard41d.eot]
[html.miraclestudio.design/majesty/boxed/bootstrap/fonts/glyphicons-halflings-regular.woff2]
[html.miraclestudio.design/majesty/boxed/bootstrap/fonts/glyphicons-halflings-regular.woff]
[html.miraclestudio.design/majesty/boxed/bootstrap/fonts/glyphicons-halflings-regular.ttf]
[html.miraclestudio.design/majesty/boxed/bootstrap/css/bootstrap.min.css]
[html.miraclestudio.design/majesty/boxed/img/grabbing.png]
[html.miraclestudio.design/majesty/boxed/stylesheets/owl.carousel.css]
[html.miraclestudio.design/majesty/boxed/stylesheets/AjaxLoader.gif]
[html.miraclestudio.design/majesty/boxed/stylesheets/owl.theme.css]
[html.miraclestudio.design/majesty/boxed/stylesheets/animate.css]
[html.miraclestudio.design/majesty/boxed/stylesheets/jquery.datetimepicker.css]
[html.miraclestudio.design/majesty/boxed/img/ajax-loader.gif]
[html.miraclestudio.design/majesty/boxed/stylesheets/prettyPhoto.css]
[html.miraclestudio.design/majesty/boxed/fonts/font_icons/fontawesome-webfonte0a5.eot]
[html.miraclestudio.design/majesty/boxed/fonts/font_icons/fontawesome-webfontd41d.eot]
[html.miraclestudio.design/majesty/boxed/fonts/font_icons/fontawesome-webfonte0a5.woff2]
[html.miraclestudio.design/majesty/boxed/fonts/font_icons/fontawesome-webfonte0a5.woff]
[html.miraclestudio.design/majesty/boxed/fonts/font_icons/fontawesome-webfonte0a5.ttf]
[html.miraclestudio.design/majesty/boxed/stylesheets/font-awesome.min.css]
[html.miraclestudio.design/majesty/boxed/fonts/fonts.css]
[html.miraclestudio.design/majesty/boxed/fonts/font_icons/icomoon3627.eot]
[html.miraclestudio.design/majesty/boxed/fonts/font_icons/icomoond41d.eot]
[html.miraclestudio.design/majesty/boxed/fonts/font_icons/icomoon3627.woff]
[html.miraclestudio.design/majesty/boxed/fonts/font_icons/icomoon3627.ttf]
[html.miraclestudio.design/majesty/boxed/img/progress.gif]
[html.miraclestudio.design/majesty/boxed/img/iconCaution.png]
[html.miraclestudio.design/majesty/boxed/img/pattern.png]
[html.miraclestudio.design/majesty/boxed/img/background/404.jpg]
[html.miraclestudio.design/majesty/boxed/img/banner/about.jpg]
[html.miraclestudio.design/majesty/boxed/img/banner/blog.jpg]
[html.miraclestudio.design/majesty/boxed/img/banner/blog2.jpg]
[html.miraclestudio.design/majesty/boxed/img/banner/blog3.jpg]
[html.miraclestudio.design/majesty/boxed/img/banner/certification.jpg]
[html.miraclestudio.design/majesty/boxed/img/banner/shortcodes.jpg]
[html.miraclestudio.design/majesty/boxed/img/background/coming.jpg]
[html.miraclestudio.design/majesty/boxed/img/banner/contact.jpg]
[html.miraclestudio.design/majesty/boxed/img/banner/services.jpg]
[html.miraclestudio.design/majesty/boxed/img/background/bg_6.jpg]
[html.miraclestudio.design/majesty/boxed/img/banner/launch_banner.jpg]
[html.miraclestudio.design/majesty/boxed/img/banner/dinner_banner.jpg]
[html.miraclestudio.design/majesty/boxed/img/banner/desert_banner.jpg]
[html.miraclestudio.design/majesty/boxed/img/background/bg_1.jpg]
[html.miraclestudio.design/majesty/boxed/img/background/bg_2.jpg]
[html.miraclestudio.design/majesty/boxed/img/background/bg_3.jpg]
[html.miraclestudio.design/majesty/boxed/img/background/styles/bg_21.jpg]
[html.miraclestudio.design/majesty/boxed/img/background/styles/bg_22.jpg]
[html.miraclestudio.design/majesty/boxed/img/background/styles/bg_23.jpg]
[html.miraclestudio.design/majesty/boxed/img/background/styles/bg_10.jpg]
[html.miraclestudio.design/majesty/boxed/img/background/styles/bg_12.jpg]
[html.miraclestudio.design/majesty/boxed/img/background/styles/bg_11.jpg]
[html.miraclestudio.design/majesty/boxed/img/background/styles/bg_4.jpg]
[html.miraclestudio.design/majesty/boxed/img/background/styles/bg_5.jpg]
[html.miraclestudio.design/majesty/boxed/img/background/styles/bg_6.jpg]
[html.miraclestudio.design/majesty/boxed/img/background/styles/bg_27.jpg]
[html.miraclestudio.design/majesty/boxed/img/background/styles/bg_28.jpg]
[html.miraclestudio.design/majesty/boxed/img/background/styles/bg_29.jpg]
[html.miraclestudio.design/majesty/boxed/img/background/bg_4.jpg]
[html.miraclestudio.design/majesty/boxed/img/background/bg_8.jpg]
[html.miraclestudio.design/majesty/boxed/img/background/bg_17.jpg]
[html.miraclestudio.design/majesty/boxed/img/background/message-bg.jpg]
[html.miraclestudio.design/majesty/boxed/img/background/styles/bg_15.jpg]
[html.miraclestudio.design/majesty/boxed/img/background/styles/bg_13.jpg]
[html.miraclestudio.design/majesty/boxed/img/background/styles/bg_14.jpg]
[html.miraclestudio.design/majesty/boxed/img/banner/carts.jpg]
[html.miraclestudio.design/majesty/boxed/img/background/bg_19.jpg]
[html.miraclestudio.design/majesty/boxed/img/banner/menu.jpg]
[html.miraclestudio.design/majesty/boxed/img/banner/menu_single.jpg]
[html.miraclestudio.design/majesty/boxed/img/banner/breakfast_banner.jpg]
[html.miraclestudio.design/majesty/boxed/img/banner/team.jpg]
[html.miraclestudio.design/majesty/boxed/img/sub-menu.png]
[html.miraclestudio.design/majesty/boxed/img/sub-menu-dark.png]
[html.miraclestudio.design/majesty/boxed/img/poster.jpg]
[html.miraclestudio.design/majesty/boxed/img/background/poster.jpg]
[html.miraclestudio.design/majesty/boxed/img/left.png]
[html.miraclestudio.design/majesty/boxed/img/right.png]
[html.miraclestudio.design/majesty/boxed/img/move-bg.jpg]
[html.miraclestudio.design/majesty/boxed/img/pattern-bg.png]
[html.miraclestudio.design/majesty/boxed/img/divider_1.png]
[html.miraclestudio.design/majesty/boxed/img/divider_2.png]
[html.miraclestudio.design/majesty/boxed/img/pattern.jpg]
[html.miraclestudio.design/majesty/boxed/stylesheets/main.css]
[html.miraclestudio.design/majesty/boxed/stylesheets/main-responsive.css]
[html.miraclestudio.design/majesty/boxed/img/slide1.jpg]
[html.miraclestudio.design/majesty/boxed/img/slide2.jpg]
[html.miraclestudio.design/majesty/boxed/img/slide3.jpg]
[html.miraclestudio.design/majesty/boxed/about.html]
[html.miraclestudio.design/majesty/boxed/index02.html]
[html.miraclestudio.design/majesty/boxed/index03.html]
[html.miraclestudio.design/majesty/boxed/index_onepage_horizental.html]
[html.miraclestudio.design/majesty/boxed/img/vertical-logo.png]
[html.miraclestudio.design/majesty/boxed/img/background/bg_13.jpg]
[html.miraclestudio.design/majesty/boxed/img/background/bg_12.jpg]
[html.miraclestudio.design/majesty/boxed/index_onepage_vertical.html]
[html.miraclestudio.design/majesty/boxed/index_onepage_zooming.html]
[html.miraclestudio.design/majesty/boxed/index_onepage_fade.html]
[html.miraclestudio.design/majesty/boxed/index_onepage_slider.html]
[html.miraclestudio.design/majesty/boxed/index_onepage_slide_top.html]
[html.miraclestudio.design/majesty/boxed/index_onepage_fullscreen.html]
[html.miraclestudio.design/majesty/boxed/index_onepage_parallax.html]
[html.miraclestudio.design/majesty/boxed/index_onepage_animation_bg.html]
[html.miraclestudio.design/majesty/boxed/img/background/bg_18.jpg]
[html.miraclestudio.design/majesty/boxed/index_onepage_interactive.html]
[html.miraclestudio.design/majesty/boxed/index_onepage_video.html]
[html.miraclestudio.design/majesty/boxed/index_onepage_youtube.html]
[html.miraclestudio.design/majesty/boxed/index_onepage_viemo.html]
[html.miraclestudio.design/majesty/boxed/index_onepage_fullwidth.html]
[html.miraclestudio.design/majesty/boxed/index_onepage_animation.html]
[html.miraclestudio.design/majesty/boxed/img/background/styles/bg_16.jpg]
[html.miraclestudio.design/majesty/boxed/img/background/styles/bg_17.jpg]
[html.miraclestudio.design/majesty/boxed/img/themes/amrican/left-intro.jpg]
[html.miraclestudio.design/majesty/boxed/img/themes/amrican/center-intro.jpg]
[html.miraclestudio.design/majesty/boxed/img/themes/amrican/right-intro.jpg]
[html.miraclestudio.design/majesty/boxed/img/menu/launch_1.jpg]
[html.miraclestudio.design/majesty/boxed/img/menu/launch_2.jpg]
[html.miraclestudio.design/majesty/boxed/img/menu/launch_3.jpg]
[html.miraclestudio.design/majesty/boxed/img/menu/launch_4.jpg]
[html.miraclestudio.design/majesty/boxed/img/menu/launch_5.jpg]
[html.miraclestudio.design/majesty/boxed/img/menu/launch_6.jpg]
[html.miraclestudio.design/majesty/boxed/img/menu/launch_7.jpg]
[html.miraclestudio.design/majesty/boxed/img/menu/launch_8.jpg]
[html.miraclestudio.design/majesty/boxed/img/menu/dinner_1.jpg]
[html.miraclestudio.design/majesty/boxed/img/menu/dinner_2.jpg]
[html.miraclestudio.design/majesty/boxed/img/menu/dinner_3.jpg]
[html.miraclestudio.design/majesty/boxed/img/menu/dinner_4.jpg]
[html.miraclestudio.design/majesty/boxed/img/menu/dinner_5.jpg]
[html.miraclestudio.design/majesty/boxed/img/menu/dinner_6.jpg]
[html.miraclestudio.design/majesty/boxed/img/menu/dinner_7.jpg]
[html.miraclestudio.design/majesty/boxed/img/menu/dinner_8.jpg]
[html.miraclestudio.design/majesty/boxed/img/menu/desert_1.jpg]
[html.miraclestudio.design/majesty/boxed/img/menu/desert_2.jpg]
[html.miraclestudio.design/majesty/boxed/img/menu/desert_3.jpg]
[html.miraclestudio.design/majesty/boxed/img/menu/desert_4.jpg]
[html.miraclestudio.design/majesty/boxed/img/menu/desert_5.jpg]
[html.miraclestudio.design/majesty/boxed/img/menu/desert_6.jpg]
[html.miraclestudio.design/majesty/boxed/img/menu/desert_7.jpg]
[html.miraclestudio.design/majesty/boxed/img/menu/desert_8.jpg]
[html.miraclestudio.design/majesty/boxed/index_amrican.html]
[html.miraclestudio.design/majesty/boxed/img/themes/asian/1.jpg]
[html.miraclestudio.design/majesty/boxed/img/themes/burger/rest.jpg]
[html.miraclestudio.design/majesty/boxed/img/themes/asian/diet.jpg]
[html.miraclestudio.design/majesty/boxed/img/themes/asian/appetizers.jpg]
[html.miraclestudio.design/majesty/boxed/img/themes/asian/triple.jpg]
[html.miraclestudio.design/majesty/boxed/img/themes/asian/meals.jpg]
[html.miraclestudio.design/majesty/boxed/img/background/styles/bg_19.jpg]
[html.miraclestudio.design/majesty/boxed/img/background/styles/bg_20.jpg]
[html.miraclestudio.design/majesty/boxed/index_asian.html]
[html.miraclestudio.design/majesty/boxed/img/themes/pizza/art.jpg]
[html.miraclestudio.design/majesty/boxed/img/themes/pizza/1.jpg]
[html.miraclestudio.design/majesty/boxed/img/themes/pizza/2.jpg]
[html.miraclestudio.design/majesty/boxed/img/themes/pizza/3.jpg]
[html.miraclestudio.design/majesty/boxed/img/themes/pizza/4.jpg]
[html.miraclestudio.design/majesty/boxed/img/themes/pizza/5.jpg]
[html.miraclestudio.design/majesty/boxed/img/themes/pizza/6.jpg]
[html.miraclestudio.design/majesty/boxed/img/themes/pizza/7.jpg]
[html.miraclestudio.design/majesty/boxed/img/themes/pizza/8.jpg]
[html.miraclestudio.design/majesty/boxed/img/themes/pizza/9.jpg]
[html.miraclestudio.design/majesty/boxed/img/themes/pizza/10.jpg]
[html.miraclestudio.design/majesty/boxed/index_pizza.html]
[html.miraclestudio.design/majesty/boxed/img/themes/burger/right_img.jpg]
[html.miraclestudio.design/majesty/boxed/img/themes/burger/diet.jpg]
[html.miraclestudio.design/majesty/boxed/img/themes/burger/menu_1.jpg]
[html.miraclestudio.design/majesty/boxed/img/themes/burger/menu_2.jpg]
[html.miraclestudio.design/majesty/boxed/img/themes/burger/menu_7.jpg]
[html.miraclestudio.design/majesty/boxed/img/themes/burger/menu_8.jpg]
[html.miraclestudio.design/majesty/boxed/img/themes/burger/menu_3.jpg]
[html.miraclestudio.design/majesty/boxed/img/themes/burger/menu_4.jpg]
[html.miraclestudio.design/majesty/boxed/img/themes/burger/menu_5.jpg]
[html.miraclestudio.design/majesty/boxed/img/themes/burger/menu_6.jpg]
[html.miraclestudio.design/majesty/boxed/img/background/styles/bg_2.jpg]
[html.miraclestudio.design/majesty/boxed/img/background/styles/bg_3.jpg]
[html.miraclestudio.design/majesty/boxed/index_burger.html]
[html.miraclestudio.design/majesty/boxed/img/themes/bakery/intro.jpg]
[html.miraclestudio.design/majesty/boxed/img/themes/bakery/rest.jpg]
[html.miraclestudio.design/majesty/boxed/img/themes/bakery/diet.jpg]
[html.miraclestudio.design/majesty/boxed/img/themes/bakery/menu_1.jpg]
[html.miraclestudio.design/majesty/boxed/img/themes/bakery/menu_2.jpg]
[html.miraclestudio.design/majesty/boxed/img/themes/bakery/menu_3.jpg]
[html.miraclestudio.design/majesty/boxed/img/themes/bakery/menu_4.jpg]
[html.miraclestudio.design/majesty/boxed/img/themes/bakery/menu_5.jpg]
[html.miraclestudio.design/majesty/boxed/img/themes/bakery/menu_6.jpg]
[html.miraclestudio.design/majesty/boxed/img/themes/bakery/menu_7.jpg]
[html.miraclestudio.design/majesty/boxed/img/themes/bakery/menu_8.jpg]
[html.miraclestudio.design/majesty/boxed/img/themes/bakery/menu_9.jpg]
[html.miraclestudio.design/majesty/boxed/img/themes/bakery/menu_10.jpg]
[html.miraclestudio.design/majesty/boxed/img/themes/bakery/img.png]
[html.miraclestudio.design/majesty/boxed/img/background/styles/bg_8.jpg]
[html.miraclestudio.design/majesty/boxed/img/background/styles/bg_9.jpg]
[html.miraclestudio.design/majesty/boxed/index_bakery.html]
[html.miraclestudio.design/majesty/boxed/img/themes/cafe/Left-Image.jpg]
[html.miraclestudio.design/majesty/boxed/img/themes/cafe/right-image.jpg]
[html.miraclestudio.design/majesty/boxed/img/themes/cafe/espresso.jpg]
[html.miraclestudio.design/majesty/boxed/img/themes/cafe/1.jpg]
[html.miraclestudio.design/majesty/boxed/img/themes/cafe/2.jpg]
[html.miraclestudio.design/majesty/boxed/img/themes/cafe/3.jpg]
[html.miraclestudio.design/majesty/boxed/img/themes/cafe/4.jpg]
[html.miraclestudio.design/majesty/boxed/menu_tabs]
[html.miraclestudio.design/majesty/boxed/img/themes/cafe/5.jpg]
[html.miraclestudio.design/majesty/boxed/img/themes/cafe/6.jpg]
[html.miraclestudio.design/majesty/boxed/img/themes/cafe/7.jpg]
[html.miraclestudio.design/majesty/boxed/img/themes/cafe/8.jpg]
[html.miraclestudio.design/majesty/boxed/img/themes/cafe/9.jpg]
[html.miraclestudio.design/majesty/boxed/img/themes/cafe/10.jpg]
[html.miraclestudio.design/majesty/boxed/img/background/styles/bg_25.jpg]
[html.miraclestudio.design/majesty/boxed/img/background/styles/bg_26.jpg]
[html.miraclestudio.design/majesty/boxed/index_cafe.html]
[html.miraclestudio.design/majesty/boxed/index_animate.html]
[html.miraclestudio.design/majesty/boxed/menu_gird.html]
[html.miraclestudio.design/majesty/boxed/img/breakfast_dark.png]
[html.miraclestudio.design/majesty/boxed/img/lunch_dark.png]
[html.miraclestudio.design/majesty/boxed/img/dinner_dark.png]
[html.miraclestudio.design/majesty/boxed/img/dessert_dark.png]
[html.miraclestudio.design/majesty/boxed/reservation.html]
[html.miraclestudio.design/majesty/boxed/img/blog/block13.jpg]
[html.miraclestudio.design/majesty/boxed/img/blog/block14.jpg]
[html.miraclestudio.design/majesty/boxed/img/blog/block15.jpg]
[html.miraclestudio.design/majesty/boxed/img/blog/block7.jpg]
[html.miraclestudio.design/majesty/boxed/img/blog/block8.jpg]
[html.miraclestudio.design/majesty/boxed/blog_gird_two_cloumn.html]
[html.miraclestudio.design/majesty/boxed/img/blog/block9.jpg]
[html.miraclestudio.design/majesty/boxed/blog_gird_three_cloumn.html]
[html.miraclestudio.design/majesty/boxed/img/blog/block10.jpg]
[html.miraclestudio.design/majesty/boxed/img/blog/block11.jpg]
[html.miraclestudio.design/majesty/boxed/img/blog/block12.jpg]
[html.miraclestudio.design/majesty/boxed/blog_gird_full_width_cloumn.html]
[html.miraclestudio.design/majesty/boxed/img/blog/blog_list_1.jpg]
[html.miraclestudio.design/majesty/boxed/img/blog/blog_list_2.jpg]
[html.miraclestudio.design/majesty/boxed/img/blog/blog_list_3.jpg]
[html.miraclestudio.design/majesty/boxed/img/blog/blog_list_4.jpg]
[html.miraclestudio.design/majesty/boxed/img/blog/blog_list_5.jpg]
[html.miraclestudio.design/majesty/boxed/blog_list_style_1.html]
[html.miraclestudio.design/majesty/boxed/img/blog/blog-list.jpg]
[html.miraclestudio.design/majesty/boxed/img/blog/blog-list2.jpg]
[html.miraclestudio.design/majesty/boxed/img/blog/blog-list3.jpg]
[html.miraclestudio.design/majesty/boxed/img/blog/blog-list4.jpg]
[html.miraclestudio.design/majesty/boxed/img/blog/blog-list5.jpg]
[html.miraclestudio.design/majesty/boxed/blog_list_style_2.html]
[html.miraclestudio.design/majesty/boxed/img/blog/blog-large2.jpg]
[html.miraclestudio.design/majesty/boxed/img/blog/blog-large.jpg]
[html.miraclestudio.design/majesty/boxed/blog_masonry_two_cloumn.html]
[html.miraclestudio.design/majesty/boxed/img/blog/blog-large3.jpg]
[html.miraclestudio.design/majesty/boxed/blog_masonry_three_cloumn.html]
[html.miraclestudio.design/majesty/boxed/blog_masonry_fullwidth.html]
[html.miraclestudio.design/majesty/boxed/img/comment/1.jpg]
[html.miraclestudio.design/majesty/boxed/img/comment/2.jpg]
[html.miraclestudio.design/majesty/boxed/img/comment/3.jpg]
[html.miraclestudio.design/majesty/boxed/blog_single_image.html]
[html.miraclestudio.design/majesty/boxed/blog_single_slider.html]
[html.miraclestudio.design/majesty/boxed/img/blog/block17.jpg]
[html.miraclestudio.design/majesty/boxed/img/blog/full_width_gallery.jpg]
[html.miraclestudio.design/majesty/boxed/blog_single_gallery.html]
[html.miraclestudio.design/majesty/boxed/blog_single_lightbox.html]
[html.miraclestudio.design/majesty/boxed/blog_single_video.html]
[html.miraclestudio.design/majesty/boxed/blog_single_soundclouds.html]
[html.miraclestudio.design/majesty/boxed/blog_single_youtube.html]
[html.miraclestudio.design/majesty/boxed/blog_single_viemo.html]
[html.miraclestudio.design/majesty/boxed/blog_single_blockquote.html]
[html.miraclestudio.design/majesty/boxed/img/blog/block16.jpg]
[html.miraclestudio.design/majesty/boxed/blog_single_rightsidebar.html]
[html.miraclestudio.design/majesty/boxed/blog_single_leftsidebar.html]
[html.miraclestudio.design/majesty/boxed/javascripts/libs/moment.min.js]
[html.miraclestudio.design/majesty/boxed/javascripts/libs/fullcalendar.min.js]
[html.miraclestudio.design/majesty/boxed/events.html]
[html.miraclestudio.design/majesty/boxed/contact.html]
[html.miraclestudio.design/majesty/boxed/services.html]
[html.miraclestudio.design/majesty/boxed/img/team/7.jpg]
[html.miraclestudio.design/majesty/boxed/img/team/8.jpg]
[html.miraclestudio.design/majesty/boxed/img/team/9.jpg]
[html.miraclestudio.design/majesty/boxed/team.html]
[html.miraclestudio.design/majesty/boxed/team_single.html]
[html.miraclestudio.design/majesty/boxed/img/clients/1.jpg]
[html.miraclestudio.design/majesty/boxed/img/clients/2.jpg]
[html.miraclestudio.design/majesty/boxed/img/clients/3.jpg]
[html.miraclestudio.design/majesty/boxed/img/clients/4.jpg]
[html.miraclestudio.design/majesty/boxed/img/clients/5.jpg]
[html.miraclestudio.design/majesty/boxed/testimonials.html]
[html.miraclestudio.design/majesty/boxed/shortcodes.html]
[html.miraclestudio.design/majesty/boxed/img/clients/client_1.jpg]
[html.miraclestudio.design/majesty/boxed/img/clients/client_2.jpg]
[html.miraclestudio.design/majesty/boxed/img/clients/client_3.jpg]
[html.miraclestudio.design/majesty/boxed/img/clients/client_4.jpg]
[html.miraclestudio.design/majesty/boxed/img/clients/client_7.png]
[html.miraclestudio.design/majesty/boxed/img/clients/client_8.png]
[html.miraclestudio.design/majesty/boxed/img/clients/client_9.png]
[html.miraclestudio.design/majesty/boxed/img/clients/client_10.png]
[html.miraclestudio.design/majesty/boxed/img/clients/client_11.png]
[html.miraclestudio.design/majesty/boxed/img/clients/client_12.png]
[html.miraclestudio.design/majesty/boxed/img/clients/client_13.png]
[html.miraclestudio.design/majesty/boxed/img/clients/client_14.png]
[html.miraclestudio.design/majesty/boxed/img/clients/client_15.png]
[html.miraclestudio.design/majesty/boxed/clients.html]
[html.miraclestudio.design/majesty/boxed/privacy.html]
[html.miraclestudio.design/majesty/boxed/sitemap.html]
[html.miraclestudio.design/majesty/boxed/menu_gird_fullwidth.html]
[html.miraclestudio.design/majesty/boxed/menu_grid.html]
[html.miraclestudio.design/majesty/boxed/menu_masonry.html]
[html.miraclestudio.design/majesty/boxed/menu_masonry_fullwidth.html]
[html.miraclestudio.design/majesty/boxed/img/menu/breakfast.jpg]
[html.miraclestudio.design/majesty/boxed/img/menu/launch.jpg]
[html.miraclestudio.design/majesty/boxed/img/menu/dinner.jpg]
[html.miraclestudio.design/majesty/boxed/img/menu/desert.jpg]
[html.miraclestudio.design/majesty/boxed/menu_list.html]
[html.miraclestudio.design/majesty/boxed/img/menu/breakfast_1.jpg]
[html.miraclestudio.design/majesty/boxed/img/menu/breakfast_2.jpg]
[html.miraclestudio.design/majesty/boxed/img/menu/breakfast_3.jpg]
[html.miraclestudio.design/majesty/boxed/img/menu/breakfast_4.jpg]
[html.miraclestudio.design/majesty/boxed/img/menu/breakfast_5.jpg]
[html.miraclestudio.design/majesty/boxed/img/menu/breakfast_6.jpg]
[html.miraclestudio.design/majesty/boxed/img/menu/breakfast_7.jpg]
[html.miraclestudio.design/majesty/boxed/img/menu/breakfast_8.jpg]
[html.miraclestudio.design/majesty/boxed/menu_tabs.html]
[html.miraclestudio.design/majesty/boxed/menu_scroll.html]
[html.miraclestudio.design/majesty/boxed/menu_shown_all.html]
[html.miraclestudio.design/majesty/boxed/img/menu/menu-single.jpg]
[html.miraclestudio.design/majesty/boxed/img/menu/menu-single2.jpg]
[html.miraclestudio.design/majesty/boxed/img/menu/menu-single3.jpg]
[html.miraclestudio.design/majesty/boxed/img/menu/menu-single4.jpg]
[html.miraclestudio.design/majesty/boxed/menu_single.html]
[html.miraclestudio.design/majesty/boxed/menu_single_rightsidebar.html]
[html.miraclestudio.design/majesty/boxed/menu_single_leftsidebar.html]
[html.miraclestudio.design/majesty/boxed/login_default.html]
[html.miraclestudio.design/majesty/boxed/login_fullscreen.html]
[html.miraclestudio.design/majesty/boxed/login_video.html]
[html.miraclestudio.design/majesty/boxed/login_slider.html]
[html.miraclestudio.design/majesty/boxed/404_default.html]
[html.miraclestudio.design/majesty/boxed/404_video.html]
[html.miraclestudio.design/majesty/boxed/404_animate_bg.html]
[html.miraclestudio.design/majesty/boxed/javascripts/libs/jquery.plugin.min.js]
[html.miraclestudio.design/majesty/boxed/javascripts/libs/jquery.countdown.min.js]
[html.miraclestudio.design/majesty/boxed/coming_soon_default.html]
[html.miraclestudio.design/majesty/boxed/coming_soon_video.html]
[html.miraclestudio.design/majesty/boxed/coming_soon_slider.html]
[html.miraclestudio.design/majesty/boxed/register.html]
[html.miraclestudio.design/majesty/boxed/blank_page.html]
[html.miraclestudio.design/majesty/boxed/shortcodes_accordion.html]
[html.miraclestudio.design/majesty/boxed/index_01.html]
[html.miraclestudio.design/majesty/boxed/shortcodes_alert_message.html]
[html.miraclestudio.design/majesty/boxed/shortcodes_animation.html]
[html.miraclestudio.design/majesty/boxed/shortcodes_blockquote.html]
[html.miraclestudio.design/majesty/boxed/shortcodes_button.html]
[html.miraclestudio.design/majesty/boxed/img/menu/desert1.jpg]
[html.miraclestudio.design/majesty/boxed/img/menu/desert2.jpg]
[html.miraclestudio.design/majesty/boxed/img/menu/desert3.jpg]
[html.miraclestudio.design/majesty/boxed/img/menu/desert4.jpg]
[html.miraclestudio.design/majesty/boxed/img/menu/desert5.jpg]
[html.miraclestudio.design/majesty/boxed/shortcodes_carousal.html]
[html.miraclestudio.design/majesty/boxed/shortcodes_columns.html]
[html.miraclestudio.design/majesty/boxed/shortcodes_divider.html]
[html.miraclestudio.design/majesty/boxed/img/map.png]
[html.miraclestudio.design/majesty/boxed/shortcodes_maps.html]
[html.miraclestudio.design/majesty/boxed/shortcodes_light_box.html]
[html.miraclestudio.design/majesty/boxed/shortcodes_list.html]
[html.miraclestudio.design/majesty/boxed/shortcodes_media.html]
[html.miraclestudio.design/majesty/boxed/shortcodes_modal_box.html]
[html.miraclestudio.design/majesty/boxed/shortcodes_icons.html]
[html.miraclestudio.design/majesty/boxed/shortcodes_pagination.html]
[html.miraclestudio.design/majesty/boxed/shortcodes_panels.html]
[html.miraclestudio.design/majesty/boxed/img/socials/arim.png]
[html.miraclestudio.design/majesty/boxed/img/socials/bebo.png]
[html.miraclestudio.design/majesty/boxed/img/socials/behance.png]
[html.miraclestudio.design/majesty/boxed/img/socials/blogger.png]
[html.miraclestudio.design/majesty/boxed/img/socials/delicious.png]
[html.miraclestudio.design/majesty/boxed/img/socials/deviantart.png]
[html.miraclestudio.design/majesty/boxed/img/socials/digg.png]
[html.miraclestudio.design/majesty/boxed/img/socials/facebook.png]
[html.miraclestudio.design/majesty/boxed/shortcodes_popovers.html]
[html.miraclestudio.design/majesty/boxed/shortcodes_progress_bar.html]
[html.miraclestudio.design/majesty/boxed/shortcodes_pricing.html]
[html.miraclestudio.design/majesty/boxed/img/socials/fastfm.png]
[html.miraclestudio.design/majesty/boxed/img/socials/flikr.png]
[html.miraclestudio.design/majesty/boxed/img/socials/formspring.png]
[html.miraclestudio.design/majesty/boxed/img/socials/google_plus.png]
[html.miraclestudio.design/majesty/boxed/img/socials/linkedin.png]
[html.miraclestudio.design/majesty/boxed/img/socials/myspace.png]
[html.miraclestudio.design/majesty/boxed/img/socials/path.png]
[html.miraclestudio.design/majesty/boxed/img/socials/pinterest.png]
[html.miraclestudio.design/majesty/boxed/img/socials/quora.png]
[html.miraclestudio.design/majesty/boxed/img/socials/rss.png]
[html.miraclestudio.design/majesty/boxed/img/socials/stumblepun.png]
[html.miraclestudio.design/majesty/boxed/img/socials/technorati.png]
[html.miraclestudio.design/majesty/boxed/img/socials/vimeo.png]
[html.miraclestudio.design/majesty/boxed/img/socials/wordpress.png]
[html.miraclestudio.design/majesty/boxed/img/socials/yelp.png]
[html.miraclestudio.design/majesty/boxed/img/socials/youtube.png]
[html.miraclestudio.design/majesty/boxed/shortcodes_social.html]
[html.miraclestudio.design/majesty/boxed/shortcodes_sections.html]
[html.miraclestudio.design/majesty/boxed/shortcodes_tabs.html]
[html.miraclestudio.design/majesty/boxed/shortcodes_tables.html]
[html.miraclestudio.design/majesty/boxed/shortcodes_typography.html]
[html.miraclestudio.design/majesty/boxed/img/carts/1.jpg]
[html.miraclestudio.design/majesty/boxed/img/carts/2.jpg]
[html.miraclestudio.design/majesty/boxed/img/carts/3.jpg]
[html.miraclestudio.design/majesty/boxed/img/carts/4.jpg]
[html.miraclestudio.design/majesty/boxed/img/carts/5.jpg]
[html.miraclestudio.design/majesty/boxed/shop_carts.html]
[html.miraclestudio.design/majesty/boxed/menu_single]
[html.miraclestudio.design/majesty/boxed/shop_wishlist.html]
[html.miraclestudio.design/majesty/boxed/shop_checkout.html]
[html.miraclestudio.design/majesty/boxed/shop_myaccount.html]
[html.miraclestudio.design/majesty/stylesheets/themes/grill.css]
[html.miraclestudio.design/majesty/stylesheets/themes/asian.css]
[html.miraclestudio.design/majesty/stylesheets/themes/pizza.css]
[html.miraclestudio.design/majesty/stylesheets/themes/burger.css]
[html.miraclestudio.design/majesty/stylesheets/themes/bakery.css]
[html.miraclestudio.design/majesty/stylesheets/themes/cafe.css]
[html.miraclestudio.design/majesty/menu_tabs-2.html]
[html.miraclestudio.design/majesty/stylesheets/fullcalendar.css]
[html.miraclestudio.design/majesty/shortcodes.html]
[html.miraclestudio.design/majesty/menu_grid.html]
[html.miraclestudio.design/majesty/index_01.html]
[html.miraclestudio.design/majesty/menu_single-2.html]
[html.miraclestudio.design/majesty/boxed/bootstrap/fonts/glyphicons-halflings-regular.svg]
[html.miraclestudio.design/majesty/boxed/stylesheets/AjaxLoader.html]
[html.miraclestudio.design/majesty/boxed/fonts/font_icons/fontawesome-webfonte0a5.svg]
[html.miraclestudio.design/majesty/boxed/fonts/font_icons/icomoon3627.svg]
[html.miraclestudio.design/majesty/boxed/img/poster.html]
[html.miraclestudio.design/majesty/boxed/stylesheets/themes/grill.css]
[html.miraclestudio.design/majesty/boxed/stylesheets/themes/asian.css]
[html.miraclestudio.design/majesty/boxed/stylesheets/themes/pizza.css]
[html.miraclestudio.design/majesty/boxed/stylesheets/themes/burger.css]
[html.miraclestudio.design/majesty/boxed/stylesheets/themes/bakery.css]
[html.miraclestudio.design/majesty/boxed/stylesheets/themes/cafe.css]
[html.miraclestudio.design/majesty/boxed/menu_tabs-2.html]
[html.miraclestudio.design/majesty/boxed/stylesheets/fullcalendar.css]
[html.miraclestudio.design/majesty/boxed/shortcodes.html]
[html.miraclestudio.design/majesty/boxed/menu_grid.html]
[html.miraclestudio.design/majesty/boxed/index_01.html]
[html.miraclestudio.design/majesty/boxed/menu_single-2.html]
